{
  "Defs": [
    {
      "Path": ".",
      "TreePath": ".",
      "Name": "Dockerfile",
      "Kind": "",
      "File": "Dockerfile",
      "DefStart": 0,
      "DefEnd": 142,
      "Exported": true,
      "Local": null,
      "Data": "RlJPTSB1YnVudHU6MTQuMDQKTUFJTlRBSU5FUiBtCgpSVU4gZWNobyBoZWxsbwpFTlYgayB2CgpVU0VSIHJvb3QKCldPUktESVIgL3RtcAoKVk9MVU1FIC92YXIvbG9nCgpBREQgRG9ja2VyZmlsZSBkc3QKCkNNRCBbIi9iaW4vZWNobyIsICJvayJdIAo="
    }
  ],
  "Anns": [
    {
      "Type": "link",
      "File": "Dockerfile",
      "Start": 0,
      "End": 4,
      "Data": "https://docs.docker.com/reference/builder/#from"
    },
    {
      "Type": "link",
      "File": "Dockerfile",
      "Start": 118,
      "End": 121,
      "Data": "https://docs.docker.com/reference/builder/#cmd"
    },
    {
      "Type": "link",
      "File": "Dockerfile",
      "Start": 18,
      "End": 28,
      "Data": "https://docs.docker.com/reference/builder/#maintainer"
    },
    {
      "Type": "link",
      "File": "Dockerfile",
      "Start": 32,
      "End": 35,
      "Data": "https://docs.docker.com/reference/builder/#run"
    },
    {
      "Type": "link",
      "File": "Dockerfile",
      "Start": 47,
      "End": 50,
      "Data": "https://docs.docker.com/reference/builder/#env"
    },
    {
      "Type": "link",
      "File": "Dockerfile",
      "Start": 56,
      "End": 60,
      "Data": "https://docs.docker.com/reference/builder/#user"
    },
    {
      "Type": "link",
      "File": "Dockerfile",
      "Start": 5,
      "End": 17,
      "Data": "https://registry.hub.docker.com/_/ubuntu"
    },
    {
      "Type": "link",
      "File": "Dockerfile",
      "Start": 67,
      "End": 74,
      "Data": "https://docs.docker.com/reference/builder/#workdir"
    },
    {
      "Type": "link",
      "File": "Dockerfile",
      "Start": 81,
      "End": 87,
      "Data": "https://docs.docker.com/reference/builder/#volume"
    },
    {
      "Type": "link",
      "File": "Dockerfile",
      "Start": 98,
      "End": 101,
      "Data": "https://docs.docker.com/reference/builder/#add"
    }
  ]
}