[
  {
    "Raw": "ubuntu:14.04",
    "Target": {
      "ToRepoCloneURL": "https://dynamic-ref.srclib.org/x-docker-image",
      "ToUnit": "ubuntu:14.04",
      "ToUnitType": "Dockerfile",
      "ToVersionString": "14.04",
      "ToRevSpec": ""
    }
  }
]
