{
  "Defs": [
    {
      "Path": ".",
      "TreePath": ".",
      "Name": "Dockerfile",
      "Kind": "",
      "File": "Dockerfile",
      "DefStart": 0,
      "DefEnd": 142,
      "Exported": true,
      "Local": null,
      "Data": "RlJPTSB1YnVudHU6MTQuMDQKTUFJTlRBSU5FUiBtCgpSVU4gZWNobyBoZWxsbwpFTlYgayB2CgpVU0VSIHJvb3QKCldPUktESVIgL3RtcAoKVk9MVU1FIC92YXIvbG9nCgpBREQgRG9ja2VyZmlsZSBkc3QKCkNNRCBbIi9iaW4vZWNobyIsICJvayJdIAo="
    }
  ],
  "Refs": [
    {
      "DefRepo": "dynamic-ref.srclib.org/x-docker-image",
      "DefUnitType": "Dockerfile",
      "DefUnit": "ubuntu:14.04",
      "DefPath": ".",
      "Def": false,
      "Repo": "",
      "File": "Dockerfile",
      "Start": 5,
      "End": 17
    },
    {
      "DefRepo": "github.com/docker/docker",
      "DefUnitType": "x-link",
      "DefUnit": ".",
      "DefPath": "https://docs.docker.com/reference/builder/#add",
      "Def": false,
      "Repo": "",
      "File": "Dockerfile",
      "Start": 98,
      "End": 101
    },
    {
      "DefRepo": "github.com/docker/docker",
      "DefUnitType": "x-link",
      "DefUnit": ".",
      "DefPath": "https://docs.docker.com/reference/builder/#cmd",
      "Def": false,
      "Repo": "",
      "File": "Dockerfile",
      "Start": 118,
      "End": 121
    },
    {
      "DefRepo": "github.com/docker/docker",
      "DefUnitType": "x-link",
      "DefUnit": ".",
      "DefPath": "https://docs.docker.com/reference/builder/#env",
      "Def": false,
      "Repo": "",
      "File": "Dockerfile",
      "Start": 47,
      "End": 50
    },
    {
      "DefRepo": "github.com/docker/docker",
      "DefUnitType": "x-link",
      "DefUnit": ".",
      "DefPath": "https://docs.docker.com/reference/builder/#from",
      "Def": false,
      "Repo": "",
      "File": "Dockerfile",
      "Start": 0,
      "End": 4
    },
    {
      "DefRepo": "github.com/docker/docker",
      "DefUnitType": "x-link",
      "DefUnit": ".",
      "DefPath": "https://docs.docker.com/reference/builder/#maintainer",
      "Def": false,
      "Repo": "",
      "File": "Dockerfile",
      "Start": 18,
      "End": 28
    },
    {
      "DefRepo": "github.com/docker/docker",
      "DefUnitType": "x-link",
      "DefUnit": ".",
      "DefPath": "https://docs.docker.com/reference/builder/#run",
      "Def": false,
      "Repo": "",
      "File": "Dockerfile",
      "Start": 32,
      "End": 35
    },
    {
      "DefRepo": "github.com/docker/docker",
      "DefUnitType": "x-link",
      "DefUnit": ".",
      "DefPath": "https://docs.docker.com/reference/builder/#user",
      "Def": false,
      "Repo": "",
      "File": "Dockerfile",
      "Start": 56,
      "End": 60
    },
    {
      "DefRepo": "github.com/docker/docker",
      "DefUnitType": "x-link",
      "DefUnit": ".",
      "DefPath": "https://docs.docker.com/reference/builder/#volume",
      "Def": false,
      "Repo": "",
      "File": "Dockerfile",
      "Start": 81,
      "End": 87
    },
    {
      "DefRepo": "github.com/docker/docker",
      "DefUnitType": "x-link",
      "DefUnit": ".",
      "DefPath": "https://docs.docker.com/reference/builder/#workdir",
      "Def": false,
      "Repo": "",
      "File": "Dockerfile",
      "Start": 67,
      "End": 74
    }
  ]
}