[
  {
    "Raw": "postgres",
    "Target": {
      "ToRepoCloneURL": "https://dynamic-ref.srclib.org/x-docker-image",
      "ToUnit": "postgres",
      "ToUnitType": "Dockerfile",
      "ToVersionString": "",
      "ToRevSpec": ""
    }
  }
]
